MPLINK 5.09, LINKER
Linker Map File - Created Fri Aug 07 15:55:18 2020

                                 Section Info
                  Section       Type    Address   Location Size(Bytes)
                ---------  ---------  ---------  ---------  ---------
                   .org_0       code   0x000000    program   0x000002
                   .cinit    romdata   0x000001    program   0x000004
                   .org_1       code   0x000004    program   0x000198
.config_2007_BUILD/DEFAULT/DEBUG/_EXT/4389899       code   0x002007    program   0x000002



                              Program Memory Usage 
                               Start         End      
                           ---------   ---------      
                            0x000000    0x000002      
                            0x000004    0x0000cf      
                            0x002007    0x002007      
            208 out of 8454 program addresses used, program memory utilization is 2%



                              Symbols - Sorted by Name
                     Name    Address   Location    Storage File                     
                ---------  ---------  ---------  --------- ---------                
                    ABAJO   0x000057    program     static ..\..\tina.asm           
                      ADC   0x000029    program     static ..\..\tina.asm           
                   AGUAAA   0x00005d    program     static ..\..\tina.asm           
                    APAGA   0x000083    program     static ..\..\tina.asm           
                   ARRIBA   0x00005a    program     static ..\..\tina.asm           
                 BOMBAOFF   0x00007c    program     static ..\..\tina.asm           
                  BOMBAON   0x000071    program     static ..\..\tina.asm           
                    BUCLE   0x0000b9    program     static C:\Users\Xavier\Desktop\pic2\tinaco_pic2.X\aqtime.inc
              BUCLE_milis   0x0000a6    program     static C:\Users\Xavier\Desktop\pic2\tinaco_pic2.X\aqtime.inc
                    Bucle   0x0000cb    program     static C:\Users\Xavier\Desktop\pic2\tinaco_pic2.X\aqtime.inc
                 COMIENZO   0x000006    program     static ..\..\tina.asm           
                  CRITICO   0x00006c    program     static ..\..\tina.asm           
                   CUATRO   0x000040    program     static ..\..\tina.asm           
                INTERRUPT   0x000005    program     static ..\..\tina.asm           
                    LLENO   0x00004c    program     static ..\..\tina.asm           
                   MAYOR4   0x000043    program     static ..\..\tina.asm           
                    MITAD   0x000034    program     static ..\..\tina.asm           
                   MLLENO   0x000037    program     static ..\..\tina.asm           
                   MVACIO   0x000063    program     static ..\..\tina.asm           
                   NIVEL1   0x00006e    program     static ..\..\tina.asm           
                   NIVEL2   0x000060    program     static ..\..\tina.asm           
                   NIVEL3   0x00004f    program     static ..\..\tina.asm           
                   PRENDE   0x000078    program     static ..\..\tina.asm           
            Retardo_100us   0x0000be    program     static C:\Users\Xavier\Desktop\pic2\tinaco_pic2.X\aqtime.inc
             Retardo_10us   0x0000c5    program     static C:\Users\Xavier\Desktop\pic2\tinaco_pic2.X\aqtime.inc
              Retardo_1ms   0x0000ac    program     static C:\Users\Xavier\Desktop\pic2\tinaco_pic2.X\aqtime.inc
              Retardo_1us   0x0000ce    program     static C:\Users\Xavier\Desktop\pic2\tinaco_pic2.X\aqtime.inc
            Retardo_200us   0x0000b1    program     static C:\Users\Xavier\Desktop\pic2\tinaco_pic2.X\aqtime.inc
             Retardo_20ms   0x00009f    program     static C:\Users\Xavier\Desktop\pic2\tinaco_pic2.X\aqtime.inc
             Retardo_20us   0x0000c3    program     static C:\Users\Xavier\Desktop\pic2\tinaco_pic2.X\aqtime.inc
            Retardo_300us   0x0000b3    program     static C:\Users\Xavier\Desktop\pic2\tinaco_pic2.X\aqtime.inc
            Retardo_400ms   0x00008a    program     static C:\Users\Xavier\Desktop\pic2\tinaco_pic2.X\aqtime.inc
            Retardo_500us   0x0000b5    program     static C:\Users\Xavier\Desktop\pic2\tinaco_pic2.X\aqtime.inc
             Retardo_50us   0x0000c1    program     static C:\Users\Xavier\Desktop\pic2\tinaco_pic2.X\aqtime.inc
              Retardo_5ms   0x0000a1    program     static C:\Users\Xavier\Desktop\pic2\tinaco_pic2.X\aqtime.inc
              Retardo_5us   0x0000c8    program     static C:\Users\Xavier\Desktop\pic2\tinaco_pic2.X\aqtime.inc
           Retardo_Micros   0x0000b7    program     static C:\Users\Xavier\Desktop\pic2\tinaco_pic2.X\aqtime.inc
            Retardo_Milis   0x0000a4    program     static C:\Users\Xavier\Desktop\pic2\tinaco_pic2.X\aqtime.inc
           Retardo_micros   0x0000ca    program     static C:\Users\Xavier\Desktop\pic2\tinaco_pic2.X\aqtime.inc
                 Retardos   0x0000b6    program     static C:\Users\Xavier\Desktop\pic2\tinaco_pic2.X\aqtime.inc
              Retardos_ms   0x0000a3    program     static C:\Users\Xavier\Desktop\pic2\tinaco_pic2.X\aqtime.inc
                    START   0x000025    program     static ..\..\tina.asm           
                 TRANSMIT   0x000087    program     static ..\..\tina.asm           



                              Symbols - Sorted by Address
                     Name    Address   Location    Storage File                     
                ---------  ---------  ---------  --------- ---------                
                INTERRUPT   0x000005    program     static ..\..\tina.asm           
                 COMIENZO   0x000006    program     static ..\..\tina.asm           
                    START   0x000025    program     static ..\..\tina.asm           
                      ADC   0x000029    program     static ..\..\tina.asm           
                    MITAD   0x000034    program     static ..\..\tina.asm           
                   MLLENO   0x000037    program     static ..\..\tina.asm           
                   CUATRO   0x000040    program     static ..\..\tina.asm           
                   MAYOR4   0x000043    program     static ..\..\tina.asm           
                    LLENO   0x00004c    program     static ..\..\tina.asm           
                   NIVEL3   0x00004f    program     static ..\..\tina.asm           
                    ABAJO   0x000057    program     static ..\..\tina.asm           
                   ARRIBA   0x00005a    program     static ..\..\tina.asm           
                   AGUAAA   0x00005d    program     static ..\..\tina.asm           
                   NIVEL2   0x000060    program     static ..\..\tina.asm           
                   MVACIO   0x000063    program     static ..\..\tina.asm           
                  CRITICO   0x00006c    program     static ..\..\tina.asm           
                   NIVEL1   0x00006e    program     static ..\..\tina.asm           
                  BOMBAON   0x000071    program     static ..\..\tina.asm           
                   PRENDE   0x000078    program     static ..\..\tina.asm           
                 BOMBAOFF   0x00007c    program     static ..\..\tina.asm           
                    APAGA   0x000083    program     static ..\..\tina.asm           
                 TRANSMIT   0x000087    program     static ..\..\tina.asm           
            Retardo_400ms   0x00008a    program     static C:\Users\Xavier\Desktop\pic2\tinaco_pic2.X\aqtime.inc
             Retardo_20ms   0x00009f    program     static C:\Users\Xavier\Desktop\pic2\tinaco_pic2.X\aqtime.inc
              Retardo_5ms   0x0000a1    program     static C:\Users\Xavier\Desktop\pic2\tinaco_pic2.X\aqtime.inc
              Retardos_ms   0x0000a3    program     static C:\Users\Xavier\Desktop\pic2\tinaco_pic2.X\aqtime.inc
            Retardo_Milis   0x0000a4    program     static C:\Users\Xavier\Desktop\pic2\tinaco_pic2.X\aqtime.inc
              BUCLE_milis   0x0000a6    program     static C:\Users\Xavier\Desktop\pic2\tinaco_pic2.X\aqtime.inc
              Retardo_1ms   0x0000ac    program     static C:\Users\Xavier\Desktop\pic2\tinaco_pic2.X\aqtime.inc
            Retardo_200us   0x0000b1    program     static C:\Users\Xavier\Desktop\pic2\tinaco_pic2.X\aqtime.inc
            Retardo_300us   0x0000b3    program     static C:\Users\Xavier\Desktop\pic2\tinaco_pic2.X\aqtime.inc
            Retardo_500us   0x0000b5    program     static C:\Users\Xavier\Desktop\pic2\tinaco_pic2.X\aqtime.inc
                 Retardos   0x0000b6    program     static C:\Users\Xavier\Desktop\pic2\tinaco_pic2.X\aqtime.inc
           Retardo_Micros   0x0000b7    program     static C:\Users\Xavier\Desktop\pic2\tinaco_pic2.X\aqtime.inc
                    BUCLE   0x0000b9    program     static C:\Users\Xavier\Desktop\pic2\tinaco_pic2.X\aqtime.inc
            Retardo_100us   0x0000be    program     static C:\Users\Xavier\Desktop\pic2\tinaco_pic2.X\aqtime.inc
             Retardo_50us   0x0000c1    program     static C:\Users\Xavier\Desktop\pic2\tinaco_pic2.X\aqtime.inc
             Retardo_20us   0x0000c3    program     static C:\Users\Xavier\Desktop\pic2\tinaco_pic2.X\aqtime.inc
             Retardo_10us   0x0000c5    program     static C:\Users\Xavier\Desktop\pic2\tinaco_pic2.X\aqtime.inc
              Retardo_5us   0x0000c8    program     static C:\Users\Xavier\Desktop\pic2\tinaco_pic2.X\aqtime.inc
           Retardo_micros   0x0000ca    program     static C:\Users\Xavier\Desktop\pic2\tinaco_pic2.X\aqtime.inc
                    Bucle   0x0000cb    program     static C:\Users\Xavier\Desktop\pic2\tinaco_pic2.X\aqtime.inc
              Retardo_1us   0x0000ce    program     static C:\Users\Xavier\Desktop\pic2\tinaco_pic2.X\aqtime.inc


