MPLINK 5.09, LINKER
Linker Map File - Created Sat Aug 01 18:21:51 2020

                                 Section Info
                  Section       Type    Address   Location Size(Bytes)
                ---------  ---------  ---------  ---------  ---------
                   .org_0       code   0x000000    program   0x00006c
                   .cinit    romdata   0x000036    program   0x000004
.config_2007_BUILD/DEFAULT/PRODUCTION/SERIAL.       code   0x002007    program   0x000002



                              Program Memory Usage 
                               Start         End      
                           ---------   ---------      
                            0x000000    0x000037      
                            0x002007    0x002007      
            57 out of 8454 program addresses used, program memory utilization is 0%



                              Symbols - Sorted by Name
                     Name    Address   Location    Storage File                     
                ---------  ---------  ---------  --------- ---------                
                     MAIN   0x000001    program     static C:\Users\Xavier\Desktop\emb-git\emb-project\proyecto\SIMULACIÓN\serial.X\serial.asm
                 RECEIVED   0x00002f    program     static C:\Users\Xavier\Desktop\emb-git\emb-project\proyecto\SIMULACIÓN\serial.X\serial.asm
                 RX_CHECK   0x00002b    program     static C:\Users\Xavier\Desktop\emb-git\emb-project\proyecto\SIMULACIÓN\serial.X\serial.asm
                 TRANSMIT   0x000033    program     static C:\Users\Xavier\Desktop\emb-git\emb-project\proyecto\SIMULACIÓN\serial.X\serial.asm



                              Symbols - Sorted by Address
                     Name    Address   Location    Storage File                     
                ---------  ---------  ---------  --------- ---------                
                     MAIN   0x000001    program     static C:\Users\Xavier\Desktop\emb-git\emb-project\proyecto\SIMULACIÓN\serial.X\serial.asm
                 RX_CHECK   0x00002b    program     static C:\Users\Xavier\Desktop\emb-git\emb-project\proyecto\SIMULACIÓN\serial.X\serial.asm
                 RECEIVED   0x00002f    program     static C:\Users\Xavier\Desktop\emb-git\emb-project\proyecto\SIMULACIÓN\serial.X\serial.asm
                 TRANSMIT   0x000033    program     static C:\Users\Xavier\Desktop\emb-git\emb-project\proyecto\SIMULACIÓN\serial.X\serial.asm


