MPLINK 5.09, LINKER
Linker Map File - Created Sun Aug 02 17:14:57 2020

                                 Section Info
                  Section       Type    Address   Location Size(Bytes)
                ---------  ---------  ---------  ---------  ---------
                   .org_0       code   0x000000    program   0x00007a
                   .cinit    romdata   0x00003d    program   0x000004
.config_2007_BUILD/DEFAULT/PRODUCTION/SERIAL.       code   0x002007    program   0x000002



                              Program Memory Usage 
                               Start         End      
                           ---------   ---------      
                            0x000000    0x00003e      
                            0x002007    0x002007      
            64 out of 8454 program addresses used, program memory utilization is 0%



                              Symbols - Sorted by Name
                     Name    Address   Location    Storage File                     
                ---------  ---------  ---------  --------- ---------                
                     MAIN   0x000001    program     static C:\Users\Xavier\Desktop\emb-git\emb-project\proyecto\SIMULACIÓN\serial.X\serial.asm
                 RECEIVED   0x000035    program     static C:\Users\Xavier\Desktop\emb-git\emb-project\proyecto\SIMULACIÓN\serial.X\serial.asm
                 RX_CHECK   0x000031    program     static C:\Users\Xavier\Desktop\emb-git\emb-project\proyecto\SIMULACIÓN\serial.X\serial.asm
                 TRANSMIT   0x000039    program     static C:\Users\Xavier\Desktop\emb-git\emb-project\proyecto\SIMULACIÓN\serial.X\serial.asm



                              Symbols - Sorted by Address
                     Name    Address   Location    Storage File                     
                ---------  ---------  ---------  --------- ---------                
                     MAIN   0x000001    program     static C:\Users\Xavier\Desktop\emb-git\emb-project\proyecto\SIMULACIÓN\serial.X\serial.asm
                 RX_CHECK   0x000031    program     static C:\Users\Xavier\Desktop\emb-git\emb-project\proyecto\SIMULACIÓN\serial.X\serial.asm
                 RECEIVED   0x000035    program     static C:\Users\Xavier\Desktop\emb-git\emb-project\proyecto\SIMULACIÓN\serial.X\serial.asm
                 TRANSMIT   0x000039    program     static C:\Users\Xavier\Desktop\emb-git\emb-project\proyecto\SIMULACIÓN\serial.X\serial.asm


