MPLINK 5.09, LINKER
Linker Map File - Created Sat Aug 01 14:34:42 2020

                                 Section Info
                  Section       Type    Address   Location Size(Bytes)
                ---------  ---------  ---------  ---------  ---------
                 RES_VECT       code   0x000000    program   0x000002
                   .cinit    romdata   0x000001    program   0x000004
                MAIN_PROG       code   0x000003    program   0x00001c
.config_2007_BUILD/DEFAULT/PRODUCTION/LED.O       code   0x002007    program   0x000002



                              Program Memory Usage 
                               Start         End      
                           ---------   ---------      
                            0x000000    0x000010      
                            0x002007    0x002007      
            18 out of 8454 program addresses used, program memory utilization is 0%



                              Symbols - Sorted by Name
                     Name    Address   Location    Storage File                     
                ---------  ---------  ---------  --------- ---------                
                    DELAY   0x00000c    program     static C:\Users\Xavier\Desktop\emb-git\emb-project\proyecto\SIMULACIÓN\LED.asm
                    LOOP1   0x00000c    program     static C:\Users\Xavier\Desktop\emb-git\emb-project\proyecto\SIMULACIÓN\LED.asm
                     MAIN   0x000007    program     static C:\Users\Xavier\Desktop\emb-git\emb-project\proyecto\SIMULACIÓN\LED.asm
                    START   0x000003    program     static C:\Users\Xavier\Desktop\emb-git\emb-project\proyecto\SIMULACIÓN\LED.asm



                              Symbols - Sorted by Address
                     Name    Address   Location    Storage File                     
                ---------  ---------  ---------  --------- ---------                
                    START   0x000003    program     static C:\Users\Xavier\Desktop\emb-git\emb-project\proyecto\SIMULACIÓN\LED.asm
                     MAIN   0x000007    program     static C:\Users\Xavier\Desktop\emb-git\emb-project\proyecto\SIMULACIÓN\LED.asm
                    DELAY   0x00000c    program     static C:\Users\Xavier\Desktop\emb-git\emb-project\proyecto\SIMULACIÓN\LED.asm
                    LOOP1   0x00000c    program     static C:\Users\Xavier\Desktop\emb-git\emb-project\proyecto\SIMULACIÓN\LED.asm


