MPLINK 4.49, Linker
Linker Map File - Created Thu Aug 06 06:09:08 2020

                                 Section Info
                  Section       Type    Address   Location Size(Bytes)
                ---------  ---------  ---------  ---------  ---------
                   .org_0       code   0x000000    program   0x000000
                   .org_1       code   0x000000    program   0x000078
    .config_2007_COMM S.O       code   0x002007    program   0x000002



                              Program Memory Usage 
                               Start         End      
                           ---------   ---------      
                            0x000000    0x00003b      
                            0x002007    0x002007      
            61 out of 8454 program addresses used, program memory utilization is 0%



                              Symbols - Sorted by Name
                     Name    Address   Location    Storage File                     
                ---------  ---------  ---------  --------- ---------                
                     AQUI   0x000012    program     static C:\Users\Xavier\Desktop\emb-git\emb-project\proyecto\Comm S.asm
                     MAIN   0x000001    program     static C:\Users\Xavier\Desktop\emb-git\emb-project\proyecto\Comm S.asm
                 RECEIVED   0x000035    program     static C:\Users\Xavier\Desktop\emb-git\emb-project\proyecto\Comm S.asm
                 RX_CHECK   0x000031    program     static C:\Users\Xavier\Desktop\emb-git\emb-project\proyecto\Comm S.asm
                 TRANSMIT   0x000039    program     static C:\Users\Xavier\Desktop\emb-git\emb-project\proyecto\Comm S.asm



                              Symbols - Sorted by Address
                     Name    Address   Location    Storage File                     
                ---------  ---------  ---------  --------- ---------                
                     MAIN   0x000001    program     static C:\Users\Xavier\Desktop\emb-git\emb-project\proyecto\Comm S.asm
                     AQUI   0x000012    program     static C:\Users\Xavier\Desktop\emb-git\emb-project\proyecto\Comm S.asm
                 RX_CHECK   0x000031    program     static C:\Users\Xavier\Desktop\emb-git\emb-project\proyecto\Comm S.asm
                 RECEIVED   0x000035    program     static C:\Users\Xavier\Desktop\emb-git\emb-project\proyecto\Comm S.asm
                 TRANSMIT   0x000039    program     static C:\Users\Xavier\Desktop\emb-git\emb-project\proyecto\Comm S.asm


