MPLINK 4.49, Linker
Linker Map File - Created Thu Aug 06 22:42:19 2020

                                 Section Info
                  Section       Type    Address   Location Size(Bytes)
                ---------  ---------  ---------  ---------  ---------
                   .org_0       code   0x000000    program   0x000000
                   .org_1       code   0x000000    program   0x000006
                   .org_2       code   0x000004    program   0x000198
    .config_2007_TINACO.O       code   0x002007    program   0x000002



                              Program Memory Usage 
                               Start         End      
                           ---------   ---------      
                            0x000000    0x000002      
                            0x000004    0x0000cf      
                            0x002007    0x002007      
            208 out of 8454 program addresses used, program memory utilization is 2%



                              Symbols - Sorted by Name
                     Name    Address   Location    Storage File                     
                ---------  ---------  ---------  --------- ---------                
                    ABAJO   0x000057    program     static C:\Users\Xavier\Desktop\emb-git\emb-project\proyecto\Tinaco.asm
                      ADC   0x000029    program     static C:\Users\Xavier\Desktop\emb-git\emb-project\proyecto\Tinaco.asm
                   AGUAAA   0x00005d    program     static C:\Users\Xavier\Desktop\emb-git\emb-project\proyecto\Tinaco.asm
                    APAGA   0x000083    program     static C:\Users\Xavier\Desktop\emb-git\emb-project\proyecto\Tinaco.asm
                   ARRIBA   0x00005a    program     static C:\Users\Xavier\Desktop\emb-git\emb-project\proyecto\Tinaco.asm
                 BOMBAOFF   0x00007c    program     static C:\Users\Xavier\Desktop\emb-git\emb-project\proyecto\Tinaco.asm
                  BOMBAON   0x000071    program     static C:\Users\Xavier\Desktop\emb-git\emb-project\proyecto\Tinaco.asm
                    BUCLE   0x0000b9    program     static C:\Users\Xavier\Desktop\emb-git\emb-project\proyecto\Tinaco.asm
              BUCLE_milis   0x0000a6    program     static C:\Users\Xavier\Desktop\emb-git\emb-project\proyecto\Tinaco.asm
                    Bucle   0x0000cb    program     static C:\Users\Xavier\Desktop\emb-git\emb-project\proyecto\Tinaco.asm
                  CRITICO   0x00006c    program     static C:\Users\Xavier\Desktop\emb-git\emb-project\proyecto\Tinaco.asm
                   CUATRO   0x000040    program     static C:\Users\Xavier\Desktop\emb-git\emb-project\proyecto\Tinaco.asm
                   INICIO   0x000005    program     static C:\Users\Xavier\Desktop\emb-git\emb-project\proyecto\Tinaco.asm
                    LLENO   0x00004c    program     static C:\Users\Xavier\Desktop\emb-git\emb-project\proyecto\Tinaco.asm
                   MAYOR4   0x000043    program     static C:\Users\Xavier\Desktop\emb-git\emb-project\proyecto\Tinaco.asm
                    MITAD   0x000034    program     static C:\Users\Xavier\Desktop\emb-git\emb-project\proyecto\Tinaco.asm
                   MLLENO   0x000037    program     static C:\Users\Xavier\Desktop\emb-git\emb-project\proyecto\Tinaco.asm
                   MVACIO   0x000063    program     static C:\Users\Xavier\Desktop\emb-git\emb-project\proyecto\Tinaco.asm
                   NIVEL1   0x00006e    program     static C:\Users\Xavier\Desktop\emb-git\emb-project\proyecto\Tinaco.asm
                   NIVEL2   0x000060    program     static C:\Users\Xavier\Desktop\emb-git\emb-project\proyecto\Tinaco.asm
                   NIVEL3   0x00004f    program     static C:\Users\Xavier\Desktop\emb-git\emb-project\proyecto\Tinaco.asm
                   PRENDE   0x000078    program     static C:\Users\Xavier\Desktop\emb-git\emb-project\proyecto\Tinaco.asm
            Retardo_100us   0x0000be    program     static C:\Users\Xavier\Desktop\emb-git\emb-project\proyecto\Tinaco.asm
             Retardo_10us   0x0000c5    program     static C:\Users\Xavier\Desktop\emb-git\emb-project\proyecto\Tinaco.asm
              Retardo_1ms   0x0000ac    program     static C:\Users\Xavier\Desktop\emb-git\emb-project\proyecto\Tinaco.asm
              Retardo_1us   0x0000ce    program     static C:\Users\Xavier\Desktop\emb-git\emb-project\proyecto\Tinaco.asm
            Retardo_200us   0x0000b1    program     static C:\Users\Xavier\Desktop\emb-git\emb-project\proyecto\Tinaco.asm
             Retardo_20ms   0x00009f    program     static C:\Users\Xavier\Desktop\emb-git\emb-project\proyecto\Tinaco.asm
             Retardo_20us   0x0000c3    program     static C:\Users\Xavier\Desktop\emb-git\emb-project\proyecto\Tinaco.asm
            Retardo_300us   0x0000b3    program     static C:\Users\Xavier\Desktop\emb-git\emb-project\proyecto\Tinaco.asm
            Retardo_400ms   0x00008a    program     static C:\Users\Xavier\Desktop\emb-git\emb-project\proyecto\Tinaco.asm
            Retardo_500us   0x0000b5    program     static C:\Users\Xavier\Desktop\emb-git\emb-project\proyecto\Tinaco.asm
             Retardo_50us   0x0000c1    program     static C:\Users\Xavier\Desktop\emb-git\emb-project\proyecto\Tinaco.asm
              Retardo_5ms   0x0000a1    program     static C:\Users\Xavier\Desktop\emb-git\emb-project\proyecto\Tinaco.asm
              Retardo_5us   0x0000c8    program     static C:\Users\Xavier\Desktop\emb-git\emb-project\proyecto\Tinaco.asm
           Retardo_Micros   0x0000b7    program     static C:\Users\Xavier\Desktop\emb-git\emb-project\proyecto\Tinaco.asm
            Retardo_Milis   0x0000a4    program     static C:\Users\Xavier\Desktop\emb-git\emb-project\proyecto\Tinaco.asm
           Retardo_micros   0x0000ca    program     static C:\Users\Xavier\Desktop\emb-git\emb-project\proyecto\Tinaco.asm
                 Retardos   0x0000b6    program     static C:\Users\Xavier\Desktop\emb-git\emb-project\proyecto\Tinaco.asm
              Retardos_ms   0x0000a3    program     static C:\Users\Xavier\Desktop\emb-git\emb-project\proyecto\Tinaco.asm
                    START   0x000025    program     static C:\Users\Xavier\Desktop\emb-git\emb-project\proyecto\Tinaco.asm
                 TRANSMIT   0x000087    program     static C:\Users\Xavier\Desktop\emb-git\emb-project\proyecto\Tinaco.asm



                              Symbols - Sorted by Address
                     Name    Address   Location    Storage File                     
                ---------  ---------  ---------  --------- ---------                
                   INICIO   0x000005    program     static C:\Users\Xavier\Desktop\emb-git\emb-project\proyecto\Tinaco.asm
                    START   0x000025    program     static C:\Users\Xavier\Desktop\emb-git\emb-project\proyecto\Tinaco.asm
                      ADC   0x000029    program     static C:\Users\Xavier\Desktop\emb-git\emb-project\proyecto\Tinaco.asm
                    MITAD   0x000034    program     static C:\Users\Xavier\Desktop\emb-git\emb-project\proyecto\Tinaco.asm
                   MLLENO   0x000037    program     static C:\Users\Xavier\Desktop\emb-git\emb-project\proyecto\Tinaco.asm
                   CUATRO   0x000040    program     static C:\Users\Xavier\Desktop\emb-git\emb-project\proyecto\Tinaco.asm
                   MAYOR4   0x000043    program     static C:\Users\Xavier\Desktop\emb-git\emb-project\proyecto\Tinaco.asm
                    LLENO   0x00004c    program     static C:\Users\Xavier\Desktop\emb-git\emb-project\proyecto\Tinaco.asm
                   NIVEL3   0x00004f    program     static C:\Users\Xavier\Desktop\emb-git\emb-project\proyecto\Tinaco.asm
                    ABAJO   0x000057    program     static C:\Users\Xavier\Desktop\emb-git\emb-project\proyecto\Tinaco.asm
                   ARRIBA   0x00005a    program     static C:\Users\Xavier\Desktop\emb-git\emb-project\proyecto\Tinaco.asm
                   AGUAAA   0x00005d    program     static C:\Users\Xavier\Desktop\emb-git\emb-project\proyecto\Tinaco.asm
                   NIVEL2   0x000060    program     static C:\Users\Xavier\Desktop\emb-git\emb-project\proyecto\Tinaco.asm
                   MVACIO   0x000063    program     static C:\Users\Xavier\Desktop\emb-git\emb-project\proyecto\Tinaco.asm
                  CRITICO   0x00006c    program     static C:\Users\Xavier\Desktop\emb-git\emb-project\proyecto\Tinaco.asm
                   NIVEL1   0x00006e    program     static C:\Users\Xavier\Desktop\emb-git\emb-project\proyecto\Tinaco.asm
                  BOMBAON   0x000071    program     static C:\Users\Xavier\Desktop\emb-git\emb-project\proyecto\Tinaco.asm
                   PRENDE   0x000078    program     static C:\Users\Xavier\Desktop\emb-git\emb-project\proyecto\Tinaco.asm
                 BOMBAOFF   0x00007c    program     static C:\Users\Xavier\Desktop\emb-git\emb-project\proyecto\Tinaco.asm
                    APAGA   0x000083    program     static C:\Users\Xavier\Desktop\emb-git\emb-project\proyecto\Tinaco.asm
                 TRANSMIT   0x000087    program     static C:\Users\Xavier\Desktop\emb-git\emb-project\proyecto\Tinaco.asm
            Retardo_400ms   0x00008a    program     static C:\Users\Xavier\Desktop\emb-git\emb-project\proyecto\Tinaco.asm
             Retardo_20ms   0x00009f    program     static C:\Users\Xavier\Desktop\emb-git\emb-project\proyecto\Tinaco.asm
              Retardo_5ms   0x0000a1    program     static C:\Users\Xavier\Desktop\emb-git\emb-project\proyecto\Tinaco.asm
              Retardos_ms   0x0000a3    program     static C:\Users\Xavier\Desktop\emb-git\emb-project\proyecto\Tinaco.asm
            Retardo_Milis   0x0000a4    program     static C:\Users\Xavier\Desktop\emb-git\emb-project\proyecto\Tinaco.asm
              BUCLE_milis   0x0000a6    program     static C:\Users\Xavier\Desktop\emb-git\emb-project\proyecto\Tinaco.asm
              Retardo_1ms   0x0000ac    program     static C:\Users\Xavier\Desktop\emb-git\emb-project\proyecto\Tinaco.asm
            Retardo_200us   0x0000b1    program     static C:\Users\Xavier\Desktop\emb-git\emb-project\proyecto\Tinaco.asm
            Retardo_300us   0x0000b3    program     static C:\Users\Xavier\Desktop\emb-git\emb-project\proyecto\Tinaco.asm
            Retardo_500us   0x0000b5    program     static C:\Users\Xavier\Desktop\emb-git\emb-project\proyecto\Tinaco.asm
                 Retardos   0x0000b6    program     static C:\Users\Xavier\Desktop\emb-git\emb-project\proyecto\Tinaco.asm
           Retardo_Micros   0x0000b7    program     static C:\Users\Xavier\Desktop\emb-git\emb-project\proyecto\Tinaco.asm
                    BUCLE   0x0000b9    program     static C:\Users\Xavier\Desktop\emb-git\emb-project\proyecto\Tinaco.asm
            Retardo_100us   0x0000be    program     static C:\Users\Xavier\Desktop\emb-git\emb-project\proyecto\Tinaco.asm
             Retardo_50us   0x0000c1    program     static C:\Users\Xavier\Desktop\emb-git\emb-project\proyecto\Tinaco.asm
             Retardo_20us   0x0000c3    program     static C:\Users\Xavier\Desktop\emb-git\emb-project\proyecto\Tinaco.asm
             Retardo_10us   0x0000c5    program     static C:\Users\Xavier\Desktop\emb-git\emb-project\proyecto\Tinaco.asm
              Retardo_5us   0x0000c8    program     static C:\Users\Xavier\Desktop\emb-git\emb-project\proyecto\Tinaco.asm
           Retardo_micros   0x0000ca    program     static C:\Users\Xavier\Desktop\emb-git\emb-project\proyecto\Tinaco.asm
                    Bucle   0x0000cb    program     static C:\Users\Xavier\Desktop\emb-git\emb-project\proyecto\Tinaco.asm
              Retardo_1us   0x0000ce    program     static C:\Users\Xavier\Desktop\emb-git\emb-project\proyecto\Tinaco.asm


